--------------------------------------------------------------------------------
Release 14.7 Trace  (lin64)
Copyright (c) 1995-2013 Xilinx, Inc.  All rights reserved.

/mnt/storage/opt/xilinx/14.7/ISE_DS/ISE/bin/lin64/unwrapped/trce -intstyle ise
-v 3 -s 2 -n 3 -fastpaths -xml Switches_LEDs.twx Switches_LEDs.ncd -o
Switches_LEDs.twr Switches_LEDs.pcf -ucf constraints.ucf

Design file:              Switches_LEDs.ncd
Physical constraint file: Switches_LEDs.pcf
Device,package,speed:     xc6slx9,tqg144,C,-2 (PRODUCTION 1.23 2013-10-13)
Report level:             verbose report

Environment Variable      Effect 
--------------------      ------ 
NONE                      No environment variables were set
--------------------------------------------------------------------------------

INFO:Timing:2698 - No timing constraints found, doing default enumeration.
INFO:Timing:3412 - To improve timing, see the Timing Closure User Guide (UG612).
INFO:Timing:2752 - To get complete path coverage, use the unconstrained paths 
   option. All paths that are not constrained will be reported in the 
   unconstrained paths section(s) of the report.
INFO:Timing:3339 - The clock-to-out numbers in this timing report are based on 
   a 50 Ohm transmission line loading model.  For the details of this model, 
   and for more information on accounting for different loading conditions, 
   please see the device datasheet.



Data Sheet report:
-----------------
All values displayed in nanoseconds (ns)

Pad to Pad
---------------+---------------+---------+
Source Pad     |Destination Pad|  Delay  |
---------------+---------------+---------+
switch_0       |LED_0          |   12.370|
switch_1       |LED_1          |   12.760|
switch_2       |LED_2          |   13.067|
switch_3       |LED_3          |    8.856|
switch_4       |LED_4          |    8.841|
switch_5       |LED_5          |   12.584|
switch_6       |LED_6          |   12.445|
switch_7       |LED_7          |   12.692|
---------------+---------------+---------+


Analysis completed Mon May  9 08:31:49 2016 
--------------------------------------------------------------------------------

Trace Settings:
-------------------------
Trace Settings 

Peak Memory Usage: 380 MB



